[debug] [2025-05-06T07:16:13.256Z] : 
[debug] [2025-05-06T07:16:13.265Z] : ----------------------------------------------------------------------
[debug] [2025-05-06T07:16:13.265Z] : Command:      /usr/local/bin/node /usr/local/bin/catalyst serve
[debug] [2025-05-06T07:16:13.265Z] : CLI Version:  1.18.0-beta.11
[debug] [2025-05-06T07:16:13.266Z] : Platform:     darwin
[debug] [2025-05-06T07:16:13.266Z] : Node Version: v22.14.0
[debug] [2025-05-06T07:16:13.266Z] : Time:         Tue May 06 2025 12:46:13 GMT+0530 (India Standard Time)
[debug] [2025-05-06T07:16:13.266Z] : ----------------------------------------------------------------------
[debug] [2025-05-06T07:16:13.266Z] : 
[debug] [2025-05-06T07:16:13.457Z] : > authorizing via signed-in user option
[debug] [2025-05-06T07:16:13.457Z] : > command requires scopes: ["ZohoCatalyst.projects.ALL","ZohoCatalyst.apigateway.apis.READ","ZohoCatalyst.apigateway.READ","ZohoCatalyst.segments.ALL","ZohoCatalyst.cache.READ","ZohoCatalyst.cache.CREATE","ZohoCatalyst.cache.DELETE","ZohoCatalyst.projects.ALL","ZohoCatalyst.cron.ALL","ZohoCatalyst.zcql.CREATE","ZohoCatalyst.projects.users.READ","ZohoCatalyst.projects.users.CREATE","ZohoCatalyst.projects.users.DELETE","ZohoCatalyst.projects.users.UPDATE","ZohoCatalyst.authentication.CREATE","ZohoCatalyst.email.CREATE","ZohoCatalyst.tables.ALL","ZohoCatalyst.tables.rows.ALL","ZohoCatalyst.tables.columns.ALL","ZohoCatalyst.tables.bulk.CREATE","ZohoCatalyst.tables.bulk.READ","ZohoCatalyst.folders.ALL","ZohoCatalyst.files.CREATE","ZohoCatalyst.files.READ","ZohoCatalyst.files.DELETE","ZohoCatalyst.functions.ALL","ZohoCatalyst.functions.EXECUTE","ZohoCatalyst.eventlistners.ALL","ZohoCatalyst.eventlisteners.produce","ZohoCatalyst.security.rules.Read","ZohoCatalyst.security.rules.Update","ZohoCatalyst.notifications.mobile","ZohoCatalyst.notifications.web","ZohoCatalyst.search.READ","ZohoCatalyst.mlkit.READ","QuickML.deployment.READ","ZohoCatalyst.pdfshot.execute","ZohoCatalyst.dataverse.execute","ZohoCatalyst.circuits.execution.DELETE","ZohoCatalyst.circuits.execution.READ","ZohoCatalyst.circuits.execute","ZohoCatalyst.appsail.Read","ZohoCatalyst.jobpool.READ","ZohoCatalyst.job.ALL","ZohoCatalyst.nosql.READ","ZohoCatalyst.nosql.rows.ALL"]
[debug] [2025-05-06T07:16:13.463Z] : > refreshing access token <
[debug] [2025-05-06T07:16:13.463Z] : >>>> HTTP REQUEST : POST https://accounts.zoho.com/oauth/v2/token 
<request body omitted>

[debug] [2025-05-06T07:16:14.537Z] : <<<< HTTP RESPONSE : 200
Response Headers: {"server":"ZGS","date":"Tue, 06 May 2025 07:16:14 GMT","content-type":"application/json;charset=UTF-8","content-length":"2362","connection":"keep-alive","cache-control":"no-store","x-content-type-options":"nosniff","pragma":"no-cache","x-frame-options":"SAMEORIGIN","vary":"accept-encoding","content-language":"en-US","strict-transport-security":"max-age=64072000; includeSubDomains; preload"}

[debug] [2025-05-06T07:16:14.548Z] : >>>> HTTP REQUEST : GET https://api.catalyst.zoho.com/baas/v1/project/1380000001199190 

[debug] [2025-05-06T07:16:15.529Z] : <<<< HTTP RESPONSE : 200
Response Headers: {"server":"ZGS","date":"Tue, 06 May 2025 07:16:15 GMT","content-type":"application/vnd.catalyst.v2+json","transfer-encoding":"chunked","connection":"keep-alive","x-content-type-options":"nosniff","cache-control":"private,no-cache,no-store,max-age=0,must-revalidate","pragma":"no-cache","expires":"Thu, 01 Jan 1970 00:00:00 GMT","x-frame-options":"DENY","strict-transport-security":"max-age=64072000; includeSubDomains; preload"}

[debug] [2025-05-06T07:16:15.533Z] : >>>> HTTP REQUEST : GET https://api.catalyst.zoho.com/baas/v1/project/1380000001199190/environment 

[debug] [2025-05-06T07:16:15.891Z] : <<<< HTTP RESPONSE : 200
Response Headers: {"server":"ZGS","date":"Tue, 06 May 2025 07:16:15 GMT","content-type":"application/vnd.catalyst.v2+json","transfer-encoding":"chunked","connection":"keep-alive","x-content-type-options":"nosniff","cache-control":"private,no-cache,no-store,max-age=0,must-revalidate","pragma":"no-cache","expires":"Thu, 01 Jan 1970 00:00:00 GMT","x-frame-options":"DENY","strict-transport-security":"max-age=64072000; includeSubDomains; preload"}

[debug] [2025-05-06T07:16:16.190Z] : >>>> HTTP REQUEST : GET https://api.catalyst.zoho.com/baas/v1/project/1380000001199190/function 
Query params: {"type":"basicio,event,cron,applogic,integration,browser_logic,job"}

[debug] [2025-05-06T07:16:16.250Z] : http port : '5000' is not available. Hence port '5001' will be used instead.
[debug] [2025-05-06T07:16:16.508Z] : <<<< HTTP RESPONSE : 200
Response Headers: {"server":"ZGS","date":"Tue, 06 May 2025 07:16:16 GMT","content-type":"application/vnd.catalyst.v2+json","transfer-encoding":"chunked","connection":"keep-alive","x-content-type-options":"nosniff","cache-control":"private,no-cache,no-store,max-age=0,must-revalidate","pragma":"no-cache","expires":"Thu, 01 Jan 1970 00:00:00 GMT","x-frame-options":"DENY","strict-transport-security":"max-age=64072000; includeSubDomains; preload"}

[debug] [2025-05-06T07:16:16.512Z] : unknown eol undefined hence skipping check
[debug] [2025-05-06T07:16:16.513Z] : unknown eol undefined hence skipping check
[info] [2025-05-06T07:16:20.203Z] : [react-plugin]: Starting the development server...

[info] [2025-05-06T07:16:20.204Z] : 
[info] [2025-05-06T07:16:20.204Z] : ℹ Client[react-app]: Plugin : "zcatalyst-cli-plugin-react" is used for client serve
[info] [2025-05-06T07:16:20.204Z] : 
[info] [2025-05-06T07:16:20.643Z] : 
[info] [2025-05-06T07:16:20.643Z] :  >>>>>>>>>>>>>> BasicIO <<<<<<<<<<<<<< 
[info] [2025-05-06T07:16:20.643Z] : ℹ authentication: http://localhost:3000/server/authentication/execute
[info] [2025-05-06T07:16:20.643Z] : 
[info] [2025-05-06T07:16:20.643Z] : 
[info] [2025-05-06T07:16:20.643Z] :  >>>>>>>>>>>>> AdvancedIO <<<<<<<<<<<< 
[info] [2025-05-06T07:16:20.643Z] : ℹ time_entry_management_application_function: http://localhost:3000/server/time_entry_management_application_function/
[info] [2025-05-06T07:16:20.643Z] : 
[info] [2025-05-06T07:16:20.644Z] : 
[info] [2025-05-06T07:16:20.644Z] :  >>>>>>>>>>>>> Web Client <<<<<<<<<<<<
[info] [2025-05-06T07:16:20.644Z] : ℹ client[react-app]: http://localhost:3000/app/
[info] [2025-05-06T07:16:20.644Z] : 
[info] [2025-05-06T07:16:28.385Z] : [react-plugin]: Compiled successfully!
[info] [2025-05-06T07:16:28.388Z] : [react-plugin]: 
[info] [2025-05-06T07:16:28.388Z] : [react-plugin]: You can now view react-app in the browser.
[info] [2025-05-06T07:16:28.388Z] : [react-plugin]: 
[info] [2025-05-06T07:16:28.388Z] : [react-plugin]:   Local:            http://localhost:3000/app/
[info] [2025-05-06T07:16:28.388Z] : [react-plugin]:   On Your Network:  http://192.168.20.251:3000/app/
[info] [2025-05-06T07:16:28.388Z] : [react-plugin]: 
[info] [2025-05-06T07:16:28.389Z] : [react-plugin]: Note that the development build is not optimized.
[info] [2025-05-06T07:16:28.389Z] : [react-plugin]: To create a production build, use npm run build.
[info] [2025-05-06T07:16:28.389Z] : [react-plugin]: 
[info] [2025-05-06T07:16:56.982Z] : 
change of controller/resumeController.js in time_entry_management_application_function detected. Preparing your function, please wait...
[info] [2025-05-06T07:17:00.370Z] : ℹ AdvancedIO[time_entry_management_application_function]: ready!
[info] [2025-05-06T07:17:00.371Z] : ℹ AdvancedIO[time_entry_management_application_function]: http://localhost:3000/server/time_entry_management_application_function/
[info] [2025-05-06T07:17:03.705Z] : 
change of controller/resumeController.js in time_entry_management_application_function detected. Preparing your function, please wait...
[info] [2025-05-06T07:17:06.772Z] : ℹ AdvancedIO[time_entry_management_application_function]: ready!
[info] [2025-05-06T07:17:06.772Z] : ℹ AdvancedIO[time_entry_management_application_function]: http://localhost:3000/server/time_entry_management_application_function/
[info] [2025-05-06T07:17:07.774Z] : 
change of controller/resumeController.js in time_entry_management_application_function detected. Preparing your function, please wait...
[info] [2025-05-06T07:17:10.785Z] : ℹ AdvancedIO[time_entry_management_application_function]: ready!
[info] [2025-05-06T07:17:10.785Z] : ℹ AdvancedIO[time_entry_management_application_function]: http://localhost:3000/server/time_entry_management_application_function/
[info] [2025-05-06T07:17:11.786Z] : 
change of controller/resumeController.js in time_entry_management_application_function detected. Preparing your function, please wait...
[info] [2025-05-06T07:17:14.735Z] : ℹ AdvancedIO[time_entry_management_application_function]: ready!
[info] [2025-05-06T07:17:14.735Z] : ℹ AdvancedIO[time_entry_management_application_function]: http://localhost:3000/server/time_entry_management_application_function/
[info] [2025-05-06T07:17:17.303Z] : 
change of controller/resumeController.js in time_entry_management_application_function detected. Preparing your function, please wait...
[info] [2025-05-06T07:17:20.269Z] : ℹ AdvancedIO[time_entry_management_application_function]: ready!
[info] [2025-05-06T07:17:20.270Z] : ℹ AdvancedIO[time_entry_management_application_function]: http://localhost:3000/server/time_entry_management_application_function/
[info] [2025-05-06T07:17:21.271Z] : 
change of controller/resumeController.js in time_entry_management_application_function detected. Preparing your function, please wait...
[info] [2025-05-06T07:17:24.460Z] : ℹ AdvancedIO[time_entry_management_application_function]: ready!
[info] [2025-05-06T07:17:24.460Z] : ℹ AdvancedIO[time_entry_management_application_function]: http://localhost:3000/server/time_entry_management_application_function/
[info] [2025-05-06T07:18:40.314Z] : 
change of controller/resumeController.js in time_entry_management_application_function detected. Preparing your function, please wait...
[info] [2025-05-06T07:18:43.823Z] : ℹ AdvancedIO[time_entry_management_application_function]: ready!
[info] [2025-05-06T07:18:43.825Z] : ℹ AdvancedIO[time_entry_management_application_function]: http://localhost:3000/server/time_entry_management_application_function/
[info] [2025-05-06T07:18:47.786Z] : 
change of controller/resumeController.js in time_entry_management_application_function detected. Preparing your function, please wait...
[info] [2025-05-06T07:18:50.570Z] : ℹ AdvancedIO[time_entry_management_application_function]: ready!
[info] [2025-05-06T07:18:50.570Z] : ℹ AdvancedIO[time_entry_management_application_function]: http://localhost:3000/server/time_entry_management_application_function/
[info] [2025-05-06T07:18:51.912Z] : 
change of controller/resumeController.js in time_entry_management_application_function detected. Preparing your function, please wait...
[info] [2025-05-06T07:18:56.085Z] : ℹ AdvancedIO[time_entry_management_application_function]: ready!
[info] [2025-05-06T07:18:56.085Z] : ℹ AdvancedIO[time_entry_management_application_function]: http://localhost:3000/server/time_entry_management_application_function/
[info] [2025-05-06T07:18:57.087Z] : 
change of controller/resumeController.js in time_entry_management_application_function detected. Preparing your function, please wait...
[info] [2025-05-06T07:19:00.397Z] : ℹ AdvancedIO[time_entry_management_application_function]: ready!
[info] [2025-05-06T07:19:00.397Z] : ℹ AdvancedIO[time_entry_management_application_function]: http://localhost:3000/server/time_entry_management_application_function/
[info] [2025-05-06T07:19:01.399Z] : 
change of controller/resumeController.js in time_entry_management_application_function detected. Preparing your function, please wait...
[info] [2025-05-06T07:19:05.486Z] : ℹ AdvancedIO[time_entry_management_application_function]: ready!
[info] [2025-05-06T07:19:05.486Z] : ℹ AdvancedIO[time_entry_management_application_function]: http://localhost:3000/server/time_entry_management_application_function/
[info] [2025-05-06T07:19:07.166Z] : 
change of controller/resumeController.js in time_entry_management_application_function detected. Preparing your function, please wait...
[info] [2025-05-06T07:19:10.425Z] : ℹ AdvancedIO[time_entry_management_application_function]: ready!
[info] [2025-05-06T07:19:10.425Z] : ℹ AdvancedIO[time_entry_management_application_function]: http://localhost:3000/server/time_entry_management_application_function/
[info] [2025-05-06T07:19:12.384Z] : 
change of controller/resumeController.js in time_entry_management_application_function detected. Preparing your function, please wait...
[info] [2025-05-06T07:19:15.436Z] : ℹ AdvancedIO[time_entry_management_application_function]: ready!
[info] [2025-05-06T07:19:15.436Z] : ℹ AdvancedIO[time_entry_management_application_function]: http://localhost:3000/server/time_entry_management_application_function/
[info] [2025-05-06T07:19:16.438Z] : 
change of controller/resumeController.js in time_entry_management_application_function detected. Preparing your function, please wait...
[info] [2025-05-06T07:19:19.401Z] : ℹ AdvancedIO[time_entry_management_application_function]: ready!
[info] [2025-05-06T07:19:19.401Z] : ℹ AdvancedIO[time_entry_management_application_function]: http://localhost:3000/server/time_entry_management_application_function/
[info] [2025-05-06T07:19:20.402Z] : 
change of controller/resumeController.js in time_entry_management_application_function detected. Preparing your function, please wait...
[info] [2025-05-06T07:19:23.714Z] : ℹ AdvancedIO[time_entry_management_application_function]: ready!
[info] [2025-05-06T07:19:23.715Z] : ℹ AdvancedIO[time_entry_management_application_function]: http://localhost:3000/server/time_entry_management_application_function/
[info] [2025-05-06T07:19:24.716Z] : 
change of controller/resumeController.js in time_entry_management_application_function detected. Preparing your function, please wait...
[info] [2025-05-06T07:19:27.877Z] : ℹ AdvancedIO[time_entry_management_application_function]: ready!
[info] [2025-05-06T07:19:27.877Z] : ℹ AdvancedIO[time_entry_management_application_function]: http://localhost:3000/server/time_entry_management_application_function/
[info] [2025-05-06T07:19:28.878Z] : 
change of controller/resumeController.js in time_entry_management_application_function detected. Preparing your function, please wait...
[info] [2025-05-06T07:19:32.066Z] : ℹ AdvancedIO[time_entry_management_application_function]: ready!
[info] [2025-05-06T07:19:32.066Z] : ℹ AdvancedIO[time_entry_management_application_function]: http://localhost:3000/server/time_entry_management_application_function/
[info] [2025-05-06T07:19:35.507Z] : 
change of controller/resumeController.js in time_entry_management_application_function detected. Preparing your function, please wait...
[info] [2025-05-06T07:19:38.794Z] : ℹ AdvancedIO[time_entry_management_application_function]: ready!
[info] [2025-05-06T07:19:38.794Z] : ℹ AdvancedIO[time_entry_management_application_function]: http://localhost:3000/server/time_entry_management_application_function/
[info] [2025-05-06T07:21:18.564Z] : 
change of controller/resumeController.js in time_entry_management_application_function detected. Preparing your function, please wait...
[info] [2025-05-06T07:21:21.785Z] : ℹ AdvancedIO[time_entry_management_application_function]: ready!
[info] [2025-05-06T07:21:21.786Z] : ℹ AdvancedIO[time_entry_management_application_function]: http://localhost:3000/server/time_entry_management_application_function/
[info] [2025-05-06T07:21:26.883Z] : 
change of controller/resumeController.js in time_entry_management_application_function detected. Preparing your function, please wait...
[info] [2025-05-06T07:21:29.749Z] : ℹ AdvancedIO[time_entry_management_application_function]: ready!
[info] [2025-05-06T07:21:29.749Z] : ℹ AdvancedIO[time_entry_management_application_function]: http://localhost:3000/server/time_entry_management_application_function/
[info] [2025-05-06T07:21:35.745Z] : 
change of controller/resumeController.js in time_entry_management_application_function detected. Preparing your function, please wait...
[info] [2025-05-06T07:21:38.695Z] : ℹ AdvancedIO[time_entry_management_application_function]: ready!
[info] [2025-05-06T07:21:38.695Z] : ℹ AdvancedIO[time_entry_management_application_function]: http://localhost:3000/server/time_entry_management_application_function/
[info] [2025-05-06T07:21:39.696Z] : 
change of controller/resumeController.js in time_entry_management_application_function detected. Preparing your function, please wait...
[info] [2025-05-06T07:21:43.001Z] : ℹ AdvancedIO[time_entry_management_application_function]: ready!
[info] [2025-05-06T07:21:43.002Z] : ℹ AdvancedIO[time_entry_management_application_function]: http://localhost:3000/server/time_entry_management_application_function/
[info] [2025-05-06T07:30:49.936Z] : 
change of controller/resumeController.js in time_entry_management_application_function detected. Preparing your function, please wait...
[info] [2025-05-06T07:30:54.445Z] : ℹ AdvancedIO[time_entry_management_application_function]: ready!
[info] [2025-05-06T07:30:54.445Z] : ℹ AdvancedIO[time_entry_management_application_function]: http://localhost:3000/server/time_entry_management_application_function/
[info] [2025-05-06T07:30:55.859Z] : 
change of controller/resumeController.js in time_entry_management_application_function detected. Preparing your function, please wait...
[info] [2025-05-06T07:30:58.865Z] : ℹ AdvancedIO[time_entry_management_application_function]: ready!
[info] [2025-05-06T07:30:58.865Z] : ℹ AdvancedIO[time_entry_management_application_function]: http://localhost:3000/server/time_entry_management_application_function/
[info] [2025-05-06T07:31:51.999Z] : 
change of controller/resumeController.js in time_entry_management_application_function detected. Preparing your function, please wait...
[info] [2025-05-06T07:31:55.958Z] : ℹ AdvancedIO[time_entry_management_application_function]: ready!
[info] [2025-05-06T07:31:55.958Z] : ℹ AdvancedIO[time_entry_management_application_function]: http://localhost:3000/server/time_entry_management_application_function/
[info] [2025-05-06T07:31:56.960Z] : 
change of controller/resumeController.js in time_entry_management_application_function detected. Preparing your function, please wait...
[info] [2025-05-06T07:32:00.848Z] : ℹ AdvancedIO[time_entry_management_application_function]: ready!
[info] [2025-05-06T07:32:00.848Z] : ℹ AdvancedIO[time_entry_management_application_function]: http://localhost:3000/server/time_entry_management_application_function/
[info] [2025-05-06T07:32:01.848Z] : 
change of controller/resumeController.js in time_entry_management_application_function detected. Preparing your function, please wait...
[info] [2025-05-06T07:32:05.252Z] : ℹ AdvancedIO[time_entry_management_application_function]: ready!
[info] [2025-05-06T07:32:05.252Z] : ℹ AdvancedIO[time_entry_management_application_function]: http://localhost:3000/server/time_entry_management_application_function/
[info] [2025-05-06T07:32:06.253Z] : 
change of controller/resumeController.js in time_entry_management_application_function detected. Preparing your function, please wait...
[info] [2025-05-06T07:32:09.164Z] : ℹ AdvancedIO[time_entry_management_application_function]: ready!
[info] [2025-05-06T07:32:09.164Z] : ℹ AdvancedIO[time_entry_management_application_function]: http://localhost:3000/server/time_entry_management_application_function/
[info] [2025-05-06T07:32:10.166Z] : 
change of controller/resumeController.js in time_entry_management_application_function detected. Preparing your function, please wait...
[info] [2025-05-06T07:32:13.055Z] : ℹ AdvancedIO[time_entry_management_application_function]: ready!
[info] [2025-05-06T07:32:13.056Z] : ℹ AdvancedIO[time_entry_management_application_function]: http://localhost:3000/server/time_entry_management_application_function/
[info] [2025-05-06T07:32:14.057Z] : 
change of controller/resumeController.js in time_entry_management_application_function detected. Preparing your function, please wait...
[info] [2025-05-06T07:32:17.472Z] : ℹ AdvancedIO[time_entry_management_application_function]: ready!
[info] [2025-05-06T07:32:17.472Z] : ℹ AdvancedIO[time_entry_management_application_function]: http://localhost:3000/server/time_entry_management_application_function/
[info] [2025-05-06T07:41:38.661Z] : 
change of controller/resumeController.js in time_entry_management_application_function detected. Preparing your function, please wait...
[info] [2025-05-06T07:41:42.843Z] : ℹ AdvancedIO[time_entry_management_application_function]: ready!
[info] [2025-05-06T07:41:42.843Z] : ℹ AdvancedIO[time_entry_management_application_function]: http://localhost:3000/server/time_entry_management_application_function/
[info] [2025-05-06T07:41:43.844Z] : 
change of controller/resumeController.js in time_entry_management_application_function detected. Preparing your function, please wait...
[info] [2025-05-06T07:41:47.011Z] : ℹ AdvancedIO[time_entry_management_application_function]: ready!
[info] [2025-05-06T07:41:47.011Z] : ℹ AdvancedIO[time_entry_management_application_function]: http://localhost:3000/server/time_entry_management_application_function/
[info] [2025-05-06T07:41:48.013Z] : 
change of controller/resumeController.js in time_entry_management_application_function detected. Preparing your function, please wait...
[info] [2025-05-06T07:41:50.778Z] : ℹ AdvancedIO[time_entry_management_application_function]: ready!
[info] [2025-05-06T07:41:50.779Z] : ℹ AdvancedIO[time_entry_management_application_function]: http://localhost:3000/server/time_entry_management_application_function/
[info] [2025-05-06T07:41:59.479Z] : 
change of controller/resumeController.js in time_entry_management_application_function detected. Preparing your function, please wait...
[info] [2025-05-06T07:42:02.676Z] : ℹ AdvancedIO[time_entry_management_application_function]: ready!
[info] [2025-05-06T07:42:02.676Z] : ℹ AdvancedIO[time_entry_management_application_function]: http://localhost:3000/server/time_entry_management_application_function/
[info] [2025-05-06T07:42:03.678Z] : 
change of controller/resumeController.js in time_entry_management_application_function detected. Preparing your function, please wait...
[info] [2025-05-06T07:42:07.694Z] : ℹ AdvancedIO[time_entry_management_application_function]: ready!
[info] [2025-05-06T07:42:07.695Z] : ℹ AdvancedIO[time_entry_management_application_function]: http://localhost:3000/server/time_entry_management_application_function/
[info] [2025-05-06T07:49:45.428Z] : 
change of controller/resumeController.js in time_entry_management_application_function detected. Preparing your function, please wait...
[info] [2025-05-06T07:49:49.752Z] : ℹ AdvancedIO[time_entry_management_application_function]: ready!
[info] [2025-05-06T07:49:49.753Z] : ℹ AdvancedIO[time_entry_management_application_function]: http://localhost:3000/server/time_entry_management_application_function/
[info] [2025-05-06T07:52:20.234Z] : 
change of controller/resumeController.js in time_entry_management_application_function detected. Preparing your function, please wait...
[info] [2025-05-06T07:52:24.744Z] : ℹ AdvancedIO[time_entry_management_application_function]: ready!
[info] [2025-05-06T07:52:24.744Z] : ℹ AdvancedIO[time_entry_management_application_function]: http://localhost:3000/server/time_entry_management_application_function/
[debug] [2025-05-06T09:48:44.139Z] : > refreshing access token <
[debug] [2025-05-06T09:48:44.256Z] : >>>> HTTP REQUEST : POST https://accounts.zoho.com/oauth/v2/token 
<request body omitted>

[debug] [2025-05-06T09:48:44.369Z] : > refreshing access token <
[debug] [2025-05-06T09:48:44.369Z] : >>>> HTTP REQUEST : POST https://accounts.zoho.com/oauth/v2/token 
<request body omitted>

[debug] [2025-05-06T09:48:44.380Z] : > refreshing access token <
[debug] [2025-05-06T09:48:44.381Z] : >>>> HTTP REQUEST : POST https://accounts.zoho.com/oauth/v2/token 
<request body omitted>

[debug] [2025-05-06T09:48:44.407Z] : > refreshing access token <
[debug] [2025-05-06T09:48:44.411Z] : >>>> HTTP REQUEST : POST https://accounts.zoho.com/oauth/v2/token 
<request body omitted>

[debug] [2025-05-06T09:48:44.417Z] : > refreshing access token <
[debug] [2025-05-06T09:48:44.417Z] : >>>> HTTP REQUEST : POST https://accounts.zoho.com/oauth/v2/token 
<request body omitted>

[debug] [2025-05-06T09:48:44.426Z] : > refreshing access token <
[debug] [2025-05-06T09:48:44.428Z] : >>>> HTTP REQUEST : POST https://accounts.zoho.com/oauth/v2/token 
<request body omitted>

[debug] [2025-05-06T09:48:45.462Z] : <<<< HTTP RESPONSE : 200
Response Headers: {"server":"ZGS","date":"Tue, 06 May 2025 09:48:45 GMT","content-type":"application/json;charset=UTF-8","content-length":"2362","connection":"keep-alive","cache-control":"no-store","x-content-type-options":"nosniff","pragma":"no-cache","x-frame-options":"SAMEORIGIN","vary":"accept-encoding","content-language":"en-US","strict-transport-security":"max-age=64072000; includeSubDomains; preload"}

[debug] [2025-05-06T09:48:45.502Z] : <<<< HTTP RESPONSE : 200
Response Headers: {"server":"ZGS","date":"Tue, 06 May 2025 09:48:45 GMT","content-type":"application/json;charset=UTF-8","content-length":"2362","connection":"keep-alive","cache-control":"no-store","x-content-type-options":"nosniff","pragma":"no-cache","x-frame-options":"SAMEORIGIN","vary":"accept-encoding","content-language":"en-US","strict-transport-security":"max-age=64072000; includeSubDomains; preload"}

[debug] [2025-05-06T09:48:45.509Z] : <<<< HTTP RESPONSE : 200
Response Headers: {"server":"ZGS","date":"Tue, 06 May 2025 09:48:45 GMT","content-type":"application/json;charset=UTF-8","content-length":"2362","connection":"keep-alive","cache-control":"no-store","x-content-type-options":"nosniff","pragma":"no-cache","x-frame-options":"SAMEORIGIN","vary":"accept-encoding","content-language":"en-US","strict-transport-security":"max-age=64072000; includeSubDomains; preload"}

[debug] [2025-05-06T09:48:45.516Z] : <<<< HTTP RESPONSE : 200
Response Headers: {"server":"ZGS","date":"Tue, 06 May 2025 09:48:45 GMT","content-type":"application/json;charset=UTF-8","content-length":"2362","connection":"keep-alive","cache-control":"no-store","x-content-type-options":"nosniff","pragma":"no-cache","x-frame-options":"SAMEORIGIN","vary":"accept-encoding","content-language":"en-US","strict-transport-security":"max-age=64072000; includeSubDomains; preload"}

[debug] [2025-05-06T09:48:45.521Z] : <<<< HTTP RESPONSE : 200
Response Headers: {"server":"ZGS","date":"Tue, 06 May 2025 09:48:45 GMT","content-type":"application/json;charset=UTF-8","content-length":"2362","connection":"keep-alive","cache-control":"no-store","x-content-type-options":"nosniff","pragma":"no-cache","x-frame-options":"SAMEORIGIN","vary":"accept-encoding","content-language":"en-US","strict-transport-security":"max-age=64072000; includeSubDomains; preload"}

[debug] [2025-05-06T09:48:45.533Z] : <<<< HTTP RESPONSE : 200
Response Headers: {"server":"ZGS","date":"Tue, 06 May 2025 09:48:45 GMT","content-type":"application/json;charset=UTF-8","content-length":"2362","connection":"keep-alive","cache-control":"no-store","x-content-type-options":"nosniff","pragma":"no-cache","x-frame-options":"SAMEORIGIN","vary":"accept-encoding","content-language":"en-US","strict-transport-security":"max-age=64072000; includeSubDomains; preload"}

[info] [2025-05-06T10:52:32.871Z] : 
change of controller/resumeController.js in time_entry_management_application_function detected. Preparing your function, please wait...
[info] [2025-05-06T10:52:37.573Z] : ℹ AdvancedIO[time_entry_management_application_function]: ready!
[info] [2025-05-06T10:52:37.573Z] : ℹ AdvancedIO[time_entry_management_application_function]: http://localhost:3000/server/time_entry_management_application_function/
[info] [2025-05-06T10:52:45.450Z] : 
change of controller/resumeController.js in time_entry_management_application_function detected. Preparing your function, please wait...
[info] [2025-05-06T10:52:48.620Z] : ℹ AdvancedIO[time_entry_management_application_function]: ready!
[info] [2025-05-06T10:52:48.620Z] : ℹ AdvancedIO[time_entry_management_application_function]: http://localhost:3000/server/time_entry_management_application_function/
[info] [2025-05-06T10:52:54.406Z] : 
change of controller/resumeController.js in time_entry_management_application_function detected. Preparing your function, please wait...
[info] [2025-05-06T10:52:57.416Z] : ℹ AdvancedIO[time_entry_management_application_function]: ready!
[info] [2025-05-06T10:52:57.419Z] : ℹ AdvancedIO[time_entry_management_application_function]: http://localhost:3000/server/time_entry_management_application_function/
[info] [2025-05-06T10:53:07.342Z] : 
change of controller/resumeController.js in time_entry_management_application_function detected. Preparing your function, please wait...
[info] [2025-05-06T10:53:10.376Z] : ℹ AdvancedIO[time_entry_management_application_function]: ready!
[info] [2025-05-06T10:53:10.376Z] : ℹ AdvancedIO[time_entry_management_application_function]: http://localhost:3000/server/time_entry_management_application_function/
[info] [2025-05-06T10:53:21.118Z] : Shutting down server
[info] [2025-05-06T10:53:22.896Z] : 
[info] [2025-05-06T10:53:22.896Z] : ✔ Shutdown complete
[debug] [2025-05-06T10:53:22.898Z] : NO ERRORS REGISTERED
[debug] [2025-05-06T10:53:22.898Z] : EXEC ENDED with event: serve, message: success
[debug] [2025-05-06T10:53:22.899Z] : TOTAL DURATION OF COMMAND EXEC : 13029444
[debug] [2025-05-06T10:53:22.919Z] : > refreshing access token <
[debug] [2025-05-06T10:53:22.920Z] : >>>> HTTP REQUEST : POST https://accounts.zoho.com/oauth/v2/token 
<request body omitted>

[debug] [2025-05-06T10:53:24.113Z] : <<<< HTTP RESPONSE : 200
Response Headers: {"server":"ZGS","date":"Tue, 06 May 2025 10:53:24 GMT","content-type":"application/json;charset=UTF-8","content-length":"2362","connection":"keep-alive","cache-control":"no-store","x-content-type-options":"nosniff","pragma":"no-cache","x-frame-options":"SAMEORIGIN","vary":"accept-encoding","content-language":"en-US","strict-transport-security":"max-age=64072000; includeSubDomains; preload"}

[debug] [2025-05-06T10:53:24.131Z] : >>>> HTTP REQUEST : POST https://api.catalyst.zoho.com/baas/v1/cli/logs 
<request body omitted>

[debug] [2025-05-06T10:53:25.181Z] : <<<< HTTP RESPONSE : 200
Response Headers: {"server":"ZGS","date":"Tue, 06 May 2025 10:53:25 GMT","content-length":"0","connection":"keep-alive","x-content-type-options":"nosniff","cache-control":"private,no-cache,no-store,max-age=0,must-revalidate","pragma":"no-cache","expires":"Thu, 01 Jan 1970 00:00:00 GMT","x-frame-options":"DENY","strict-transport-security":"max-age=64072000; includeSubDomains; preload"}

